// Jest Snapshot v1, https://goo.gl/fbAQLP

exports[`<GridContent /> should render grid light content  1`] = `
.c3 {
  color: #FFFFFF;
  font-size: 6.4rem;
  text-transform: uppercase;
}

.c0 {
  background: #FFFFFF;
  color: #0A1128;
  min-height: 100vh;
  display: -webkit-box;
  display: -webkit-flex;
  display: -ms-flexbox;
  display: flex;
  -webkit-align-items: center;
  -webkit-box-align: center;
  -ms-flex-align: center;
  align-items: center;
}

.c1 {
  max-width: 120rem;
  margin: 0 auto;
  padding: 3.2rem;
}

.c5 {
  font-size: 2.4rem;
}

.c2 {
  text-align: center;
  max-width: 58rem;
  margin: 0 auto;
}

.c4 {
  margin: 6.4rem 0;
}

@media (max-width:768px) {
  .c3 {
    font-size: 4.0rem;
  }
}

<div>
  <div
    class="c0"
  >
    <div
      class="c1"
    >
      <div
        class="c2"
      >
        <h1
          class="c3"
        >
          O titulo que eu quero
        </h1>
        <div
          class="c4"
        >
          <p
            class="c5"
          >
            <p>
              Lorem ipsum dolor sit amet, consectetur adipiscing elit. Integer nec odio. Praesent 
              <b>
                Lorem
              </b>
               libero. 
              <b>
                Lorem
              </b>
               Sed cursus ante dapibus diam. Sed nisi. 
              <b>
                odio.
              </b>
               Nulla quis sem at 
              <b>
                libero.
              </b>
               nibh elementum imperdiet. Duis sagittis ipsum. Praesent mauris. Fusce 
              <b>
                sem
              </b>
               nec tellus sed 
              <b>
                Duis
              </b>
               augue semper porta. Mauris massa. Vestibulum 
              <i>
                quis
              </i>
               lacinia arcu eget nulla. Class aptent 
              <b>
                massa.
              </b>
               taciti sociosqu ad litora torquent per conubia 
              <b>
                eget
              </b>
               nostra, 
              <b>
                taciti
              </b>
               per inceptos himenaeos. Curabitur 
              <b>
                ad
              </b>
               sodales ligula in libero. Sed dignissim lacinia nunc. Curabitur tortor. Pellentesque nibh. Aenean quam. In scelerisque sem at dolor. Maecenas mattis. Sed convallis tristique sem. Proin ut ligula vel nunc egestas porttitor. Morbi lectus risus, iaculis vel, suscipit quis, 
              <b>
                egestas
              </b>
               luctus non, massa. Fusce ac 
              <b>
                porttitor.
              </b>
               turpis quis ligula lacinia aliquet. Mauris ipsum. Nulla 
              <b>
                turpis
              </b>
               metus metus, ullamcorper vel, tincidunt 
              <b>
                turpis
              </b>
               sed, euismod in, 
              <i>
                vel,
              </i>
               nibh. Quisque volutpat condimentum velit. Class 
              <b>
                sed,
              </b>
               aptent taciti sociosqu ad 
              <b>
                nibh.
              </b>
               litora torquent per conubia nostra, per inceptos himenaeos. Nam nec ante. Sed lacinia, urna non tincidunt mattis, 
              <i>
                aptent
              </i>
               tortor neque adipiscing diam, a cursus ipsum ante quis 
              <b>
                urna
              </b>
               turpis. Nulla facilisi. Ut fringilla. 
              <b>
                ante
              </b>
               Suspendisse potenti. Nunc feugiat mi a tellus consequat imperdiet. Vestibulum sapien. Proin quam. Etiam ultrices. Suspendisse in justo eu magna luctus suscipit. Sed 
              <b>
                Suspendisse
              </b>
               lectus. Integer euismod lacus luctus 
              <i>
                consequat
              </i>
               magna. Quisque cursus, metus vitae pharetra auctor, sem massa mattis sem, at interdum magna augue eget diam. Vestibulum ante ipsum 
              <i>
                Quisque
              </i>
               primis 
              <i>
                auctor,
              </i>
               in faucibus orci luctus et ultrices posuere cubilia Curae; Morbi 
              <b>
                primis
              </b>
               lacinia molestie dui. Praesent 
              <i>
                in
              </i>
               blandit dolor. Sed non 
              <b>
                posuere
              </b>
               quam. In vel 
              <i>
                in
              </i>
               mi sit amet augue congue elementum. Morbi in ipsum sit amet pede facilisis laoreet. Donec lacus 
              <i>
                quam.
              </i>
               nunc, viverra nec.
            </p>
          </p>
        </div>
      </div>
    </div>
  </div>
</div>
`;
